// Jest Snapshot v1, https://goo.gl/fbAQLP

exports[`Upload File Handler Testing should match the snapshot 1`] = `
<oe
  noClick={true}
  noDrag={true}
  onError={[Function]}
  onFileLoad={[Function]}
  onRemoveFile={[Function]}
>
  <Component />
</oe>
`;
